// Jest Snapshot v1, https://goo.gl/fbAQLP

exports[`CustomButton component should render CustomButton 1`] = `
<DocumentFragment>
  <button
    class="sc-bdfBwQ fgFZwo"
  />
</DocumentFragment>
`;
