// Jest Snapshot v1, https://goo.gl/fbAQLP

exports[`SmartAlert component should render SmartAlert 1`] = `
<DocumentFragment>
  <div
    class="fade alert alert-success show"
    role="alert"
  >
    Your payment is successful
  </div>
</DocumentFragment>
`;
